GIT TERMİNAL KOMUTLARI - NOTLAR

clear
ls  - lists files current dir
pwd - print working directory

cd    -change directory
cd  ..  level down
cd  dosyaAdı  -dosya içine girer
cd veya cd/  -en alt dosyaya gider
mkdir  learnGit   -makeDirectory klasör oluştur
touch  index.html   -dosya oluşturur
rm  index.html   -remove -dosya silmek için
rm -rf learnGit  - klasör silmek için

$ git config --global user.name  HRC   isim ve mail tanımlama 
$ git config --global user.email  isim-mail girmezsen sorgular
git status   git durumunu gösterir
git init   -Initializes empty Git repository - klasöre git tanımlar
ls -la   -gizli kalsörleri de gösterir (.git de görünür)

(git branch -m main master   - ana branch adını değiştirir)
----------------------------------------------------

git status yazınca
untracked files ile hiç işlem(git anlamında) yapılmımış dosyaları gösterir.
** eğer "git add <file>" yaparsak bu dosyayı ileride commit edilecek dosyaların hazır tutulduğu bir ARA BÖLÜME (cache-d) ekler. 

git log   -kayıtları(commitleri) listeler

git commit -m  "commit notlarıı"

GIT IGNORE (herkes tarafından görünmesini istemediğimiz gizli dosyaları nasıl pushlarız) git bu dosyaları takip etmez, güncellenmez, değişiklikleri algılamaz
gizli.txt  adında (iism önemsiz) dosya oluşturup içini dolduruyoruz
touch .gitignore   dosyası oluşturulur(  root'ta )
sonra .gitignore içerisine gizli.txt (dosyaların adını) yazıyoruz


YENİ  BRANCH AÇMA
git branch branchTest  (başka isimde yazılabilir)
git commitler attıldı 

git switch main   (dersek master veya main'e geri döneriz, en başa)
sonra mainde commitler attık


     -  - - -- 
- - -            -main
    -   -   -
git branch  branch'leri listeler, konum branchi yeşil ve yıldızlı gösterir
git switch branchTest  -istediğimiz branch'e geçiş yaparız


artık branchTest  ve main olarak iki branch var sonra bunları birleştiriyoruz.

önce main'e gidiyoruz  (git switch branchTest)
sonra branch'i mainle birleştiriyoruz ( git merge branchTest )


Fast forwarding: Bir Branch açıp oradan projeyi ilerlettikten sonra (https://prnt.sc/mZZDTkN-xGvF)
    main-master'da hiçbir değişiklik yapılmadığı halde branch'i merge etmeye denir. 
    (terminal üzerinden commit atılınca git 'Fast-forward' ibaresini gösterir) 



Local'de Oluşturulmuş Ama Hiç Push Edilmemiş (GitHub'da görünmeyen) Branchleri Pushlama
ÇÖZÜM:
1. Tüm local branch’leri gör

Terminali (VS Code’un alt kısmındaki Terminal sekmesi) aç:
git branch
Bu sana local branch listesini gösterir.


2. Remote branch’leri kontrol et
git branch -r
Bu komut, GitHub’daki (remote) branch’leri listeler.
Eğer branch’lerin burada yoksa, henüz push edilmemişlerdir.


3. Eksik branch’i GitHub’a gönder
Diyelim ki localde feature/ui isimli bir branch’in var. Şunu çalıştır:
git push -u origin feature/ui

Açıklama:
origin: GitHub’daki repo.
feature/ui: göndermek istediğin branch adı.
-u: bu branch ile GitHub’daki aynı isimli branch’i birbirine bağlar (bir kere yapman yeterli).


4. Tüm branch’leri tek seferde push etmek istersen
⚠️ Bu komut dikkatli kullanılmalı, çünkü tüm local branch’leri GitHub’a yollar.
git push --all
Bu işlemden sonra GitHub’daki Branches sekmesinde hepsini görebilirsin.


5. (İsteğe bağlı) Remote bağlantısını kontrol et
Yanlış bir GitHub reposuna push etmiyorsun diye emin olmak için:
git remote -v
Çıktı şu şekilde olmalı:
origin  https://github.com/kullaniciadi/repoadi.git (fetch)
origin  https://github.com/kullaniciadi/repoadi.git (push)


--------------------------------------------------------

git STASH:
 çalışılan branch yarım bırakılacaksa, üzerindeki değişikliklerin main'i etkilememesi için kullanılır. yapılan değişiklikler ağaçta görünmez
örn:
hayri@monster MINGW64 ~/Desktop/learnGit (stashTest)
$ git stash
Saved working directory and index state WIP on stashTest: 86fc22e Merge branch 'conflictBranchi'

$ git status
On branch stashTest
nothing to commit, working tree clean
(koda baktığımızda da değişiklikleri göremeyiz) 

Sonrasında main'e geçip istediğimiz geliştirmeyi eski sürüm üzerinden yapabiliriz
Main üstündeki işimizi bitirdikten sonra tekrar çalışmak istediğimiz branche'e döneri(stashTest)

hayri@monster MINGW64 ~/Desktop/learnGit (stashTest)
**$ git stash pop**   -> yazdığımızda eski değişiklikler geri gelir
On branch stashTest
Changes not staged for commit:
  (use "git add <file>..." to update what will be committed)
    modified:   index.html  
no changes added to commit (use "git add" and/or "git commit -a")

-index.html dosyasındaki değişiklikler geri gelmiş olur.


--------------------------------------------------------
